def foo(n: size, m: size):
    for i in par(0, n):
        for j in par(0, m):
            x: f32 @ DRAM
            x = 0.0
            pass
            y: f32 @ DRAM
            y = 1.1
