def foo(x: f32 @ DRAM):
    for i in seq(0, 8):
        if i + 3 < -1:  # <-- NODE
            ...