def bar(n: size, m: size, x: i8[n, m] @ DRAM):
    assert stride(x, 1) == 1
    pass