def foo(n: size, x: R[n, n] @ DRAM):
    for i in seq(0, n):
        if i + 1 < n:
            x[i, i] = x[i + 1, i]