def good_bound1(n: size, dst: R[n] @ DRAM, src: R[n] @ DRAM):
    for i in seq(0, (n + 7) / 8):
        if n - 8 * i >= 8:
            pass
        else:
            for j in seq(0, n - 8 * i):
                dst[8 * i + j] = src[8 * i + j]