def foo(n: size, A: i8[n] @ DRAM):
    a: i8 @ DRAM
    a = 4.0
    for i in seq(0, n):
        a += A[i]
        a = 0.0