def foo(n : size, a : f32, c : f32):
  tmp : f32[n]
  for i in seq(0, n):
    a_1 =\i \phi(i == 0 ? a : a_2[i - 1]) # LoopStart
    c_1 =\i \phi(i == 0 ? c : c_2[i - 1]) # LoopStart
    tmp_1 =\i \d0 \phi(i == 0 ? tmp[d0] : tmp_2[i - 1, d0]) # LoopStart
    for j in seq(0, 4):
      a_3 =\j \i \phi(j == 0 ? a_1[i] : a_4[j - 1, i]) # LoopStart
      c_3 =\j \i \phi(j == 0 ? c_1[i] : c_3[j - 1, i]) # LoopStart
      tmp_3 =\j \i \d0 \phi(j == 0 ? tmp_1[i, d0] : tmp_4[j - 1, i, d0]) # LoopStart
      tmp_4 =\j \i \d0 \phi(i == d0 ? a_3[j, i] : tmp_3[j, i, d0])
      a_4 =\j \i \phi(True ? tmp_4[j, i, i] + 1.0 : a_3[j, i])
------------------------ a_4 : \j. \i. \n
                             - ⊤
                         tmp_4 : \j. \i. \n. \d0
                             - (i-d0)
                                    - j
                                      - tmp_3[((j-1)-1),i,d0]
                                      - tmp_1[i,d0]
                                      - (j-1)
                                            - tmp_3[((j-1)-1),i,d0]
                                            - tmp_1[i,d0]
                                            - tmp_3[((j-1)-1),i,d0]
                                    - j
                                      - ⊥
                                      - a_1[i]
                                      - ⊤
                                    - j
                                      - tmp_3[((j-1)-1),i,d0]
                                      - tmp_1[i,d0]
                                      - (j-1)
                                            - tmp_3[((j-1)-1),i,d0]
                                            - tmp_1[i,d0]
                                            - tmp_3[((j-1)-1),i,d0]
                         tmp_3 : \j. \i. \n. \d0
                             - j
                               - tmp_3[((j-1)-1),i,d0]
                               - tmp_1[i,d0]
                               - (i-d0)
                                      - (j-1)
                                            - tmp_3[((j-1)-1),i,d0]
                                            - tmp_1[i,d0]
                                            - tmp_3[((j-1)-1),i,d0]
                                      - (j-1)
                                            - ⊥
                                            - a_1[i]
                                            - ⊤
                                      - (j-1)
                                            - tmp_3[((j-1)-1),i,d0]
                                            - tmp_1[i,d0]
                                            - tmp_3[((j-1)-1),i,d0]
                         c_3 : \j. \i. \n
                             - j
                               - c_3[((j-1)-1),i]
                               - c_1[i]
                               - (j-1)
                                     - c_3[((j-1)-1),i]
                                     - c_1[i]
                                     - c_3[((j-1)-1),i]
                         a_3 : \j. \i. \n
                             - j
                               - ⊥
                               - a_1[i]
                               - ⊤
    a_2 =\i \phi(4 > 0 ? a_4[4 - 1, i] : a_1[i]) # LoopExit
    c_2 =\i \phi(4 > 0 ? c_3[4 - 1, i] : c_1[i]) # LoopExit
    tmp_2 =\i \d0 \phi(4 > 0 ? tmp_4[4 - 1, i, d0] : tmp_1[i, d0]) # LoopExit
------------------------ tmp_2 : \i. \n. \d0
                             - (i-d0)
                                    - tmp_3[(((4-1)-1)-1),i,d0]
                                    - ⊤
                                    - tmp_3[(((4-1)-1)-1),i,d0]
                         c_2 : \i. \n
                             - c_3[(((4-1)-1)-1),i]
                         a_2 : \i. \n
                             - ⊤
                         a_4 : \j. \i. \n
                             - ⊤
                         tmp_4 : \j. \i. \n. \d0
                             - (i-d0)
                                    - j
                                      - tmp_3[((j-1)-1),i,d0]
                                      - tmp_1[i,d0]
                                      - (j-1)
                                            - tmp_3[((j-1)-1),i,d0]
                                            - tmp_1[i,d0]
                                            - tmp_3[((j-1)-1),i,d0]
                                    - j
                                      - ⊥
                                      - a_1[i]
                                      - ⊤
                                    - j
                                      - tmp_3[((j-1)-1),i,d0]
                                      - tmp_1[i,d0]
                                      - (j-1)
                                            - tmp_3[((j-1)-1),i,d0]
                                            - tmp_1[i,d0]
                                            - tmp_3[((j-1)-1),i,d0]
                         tmp_3 : \j. \i. \n. \d0
                             - j
                               - tmp_3[((j-1)-1),i,d0]
                               - tmp_1[i,d0]
                               - (i-d0)
                                      - (j-1)
                                            - tmp_3[((j-1)-1),i,d0]
                                            - tmp_1[i,d0]
                                            - tmp_3[((j-1)-1),i,d0]
                                      - (j-1)
                                            - ⊥
                                            - a_1[i]
                                            - ⊤
                                      - (j-1)
                                            - tmp_3[((j-1)-1),i,d0]
                                            - tmp_1[i,d0]
                                            - tmp_3[((j-1)-1),i,d0]
                         c_3 : \j. \i. \n
                             - j
                               - c_3[((j-1)-1),i]
                               - c_1[i]
                               - (j-1)
                                     - c_3[((j-1)-1),i]
                                     - c_1[i]
                                     - c_3[((j-1)-1),i]
                         a_3 : \j. \i. \n
                             - j
                               - ⊥
                               - a_1[i]
                               - ⊤
                         tmp_1 : \i. \n. \d0
                             - i
                               - tmp_1[((i-1)-1),d0]
                               - tmp[d0]
                               - ((i-1)-d0)
                                          - tmp_3[(((4-1)-1)-1),(i-1),d0]
                                          - ⊤
                                          - tmp_3[(((4-1)-1)-1),(i-1),d0]
                         c_1 : \i. \n
                             - i
                               - c_1[((i-1)-1)]
                               - c
                               - c_3[(((4-1)-1)-1),(i-1)]
                         a_1 : \i. \n
                             - i
                               - ⊥
                               - a
                               - ⊤
  a_5 = \phi(n > 0 ? a_2[n - 1] : a) # LoopExit
  c_4 = \phi(n > 0 ? c_2[n - 1] : c) # LoopExit
  tmp_5 =\d0 \phi(n > 0 ? tmp_2[n - 1, d0] : tmp[d0]) # LoopExit
  for i_1 in seq(0, n):
    a_6 =\i_1 \phi(i_1 == 0 ? a_5 : a_6[i_1 - 1]) # LoopStart
    c_5 =\i_1 \phi(i_1 == 0 ? c_4 : c_6[i_1 - 1]) # LoopStart
    tmp_6 =\i_1 \d0 \phi(i_1 == 0 ? tmp_5[d0] : tmp_6[i_1 - 1, d0]) # LoopStart
    c_6 +=\i_1 \phi(True ? tmp_6[i_1, i_1] : c_5[i_1])
------------------------ c_6 : \i_1. \n
                             - ⊤
                         tmp_6 : \i_1. \n. \d0
                             - i_1
                                 - tmp_6[((i_1-1)-1),d0]
                                 - tmp_5[d0]
                                 - (i_1-1)
                                         - tmp_6[((i_1-1)-1),d0]
                                         - tmp_5[d0]
                                         - tmp_6[((i_1-1)-1),d0]
                         c_5 : \i_1. \n
                             - i_1
                                 - ⊤
                                 - c_4
                                 - ⊤
                         a_6 : \i_1. \n
                             - a_5
  a_7 = \phi(n > 0 ? a_6[n - 1] : a_5) # LoopExit
  c_7 = \phi(n > 0 ? c_6[n - 1] : c_4) # LoopExit
  tmp_7 =\d0 \phi(n > 0 ? tmp_6[n - 1, d0] : tmp_5[d0]) # LoopExit
------------------------ tmp_2 : \i. \n. \d0
                             - (i-d0)
                                    - tmp_3[(((4-1)-1)-1),i,d0]
                                    - ⊤
                                    - tmp_3[(((4-1)-1)-1),i,d0]
                         c_2 : \i. \n
                             - c_3[(((4-1)-1)-1),i]
                         a_2 : \i. \n
                             - ⊤
                         a_4 : \j. \i. \n
                             - ⊤
                         tmp_4 : \j. \i. \n. \d0
                             - (i-d0)
                                    - j
                                      - tmp_3[((j-1)-1),i,d0]
                                      - tmp_1[i,d0]
                                      - (j-1)
                                            - tmp_3[((j-1)-1),i,d0]
                                            - tmp_1[i,d0]
                                            - tmp_3[((j-1)-1),i,d0]
                                    - j
                                      - ⊥
                                      - a_1[i]
                                      - ⊤
                                    - j
                                      - tmp_3[((j-1)-1),i,d0]
                                      - tmp_1[i,d0]
                                      - (j-1)
                                            - tmp_3[((j-1)-1),i,d0]
                                            - tmp_1[i,d0]
                                            - tmp_3[((j-1)-1),i,d0]
                         tmp_3 : \j. \i. \n. \d0
                             - j
                               - tmp_3[((j-1)-1),i,d0]
                               - tmp_1[i,d0]
                               - (i-d0)
                                      - (j-1)
                                            - tmp_3[((j-1)-1),i,d0]
                                            - tmp_1[i,d0]
                                            - tmp_3[((j-1)-1),i,d0]
                                      - (j-1)
                                            - ⊥
                                            - a_1[i]
                                            - ⊤
                                      - (j-1)
                                            - tmp_3[((j-1)-1),i,d0]
                                            - tmp_1[i,d0]
                                            - tmp_3[((j-1)-1),i,d0]
                         c_3 : \j. \i. \n
                             - j
                               - c_3[((j-1)-1),i]
                               - c_1[i]
                               - (j-1)
                                     - c_3[((j-1)-1),i]
                                     - c_1[i]
                                     - c_3[((j-1)-1),i]
                         a_3 : \j. \i. \n
                             - j
                               - ⊥
                               - a_1[i]
                               - ⊤
                         tmp_1 : \i. \n. \d0
                             - i
                               - tmp_1[((i-1)-1),d0]
                               - tmp[d0]
                               - ((i-1)-d0)
                                          - tmp_3[(((4-1)-1)-1),(i-1),d0]
                                          - ⊤
                                          - tmp_3[(((4-1)-1)-1),(i-1),d0]
                         c_1 : \i. \n
                             - i
                               - c_1[((i-1)-1)]
                               - c
                               - c_3[(((4-1)-1)-1),(i-1)]
                         a_1 : \i. \n
                             - i
                               - ⊥
                               - a
                               - ⊤
                         a_5 : \n
                             - n
                               - a
                               - a
                               - ⊤
                         c_4 : \n
                             - n
                               - c
                               - c
                               - c_3[(((4-1)-1)-1),(n-1)]
                         tmp_5 : \n. \d0
                             - n
                               - tmp[d0]
                               - tmp[d0]
                               - tmp_3[(((4-1)-1)-1),(d0-1),d0]
                         c_6 : \i_1. \n
                             - ⊤
                         tmp_6 : \i_1. \n. \d0
                             - i_1
                                 - tmp_6[((i_1-1)-1),d0]
                                 - tmp_5[d0]
                                 - (i_1-1)
                                         - tmp_6[((i_1-1)-1),d0]
                                         - tmp_5[d0]
                                         - tmp_6[((i_1-1)-1),d0]
                         c_5 : \i_1. \n
                             - i_1
                                 - ⊤
                                 - c_4
                                 - ⊤
                         a_6 : \i_1. \n
                             - a_5
                         a_7 : \n
                             - n
                               - a
                               - a
                               - a_5
                         c_7 : \n
                             - n
                               - c
                               - c
                               - ⊤
                         tmp_7 : \n. \d0
                             - n
                               - tmp[d0]
                               - d0
                                  - tmp[d0]
                                  - tmp[d0]
                                  - tmp_3[(((4-1)-1)-1),(d0-1),d0]
                               - (d0-1)
                                      - tmp_6[(((d0-1)-1)-1),d0]
                                      - tmp_5[d0]
                                      - ((d0-1)-1)
                                                 - tmp_6[(((d0-1)-1)-1),d0]
                                                 - tmp_5[d0]
                                                 - tmp_6[(((d0-1)-1)-1),d0]