def foo1(n : size, dst : f32[n]):
  for i in seq(0, n):
    dst_1 =\i \d0 \phi(i == 0 ? dst[d0] : dst_2[i - 1, d0]) # LoopStart
    dst_2 =\i \d0 \phi(i == d0 ? 0.0 : dst_1[i, d0])
------------------------ dst_2 : \i. \n. \d0
                             - (i-d0)
                                    - dst[d0]
                                    - 0.0
                                    - ((i-1)-d0)
                                               - dst[d0]
                                               - 0.0
                                               - 0.0
                         dst_1 : \i. \n. \d0
                             - i
                               - ⊥
                               - dst[d0]
                               - ((i-1)-d0)
                                          - dst[d0]
                                          - 0.0
                                          - 0.0
  dst_3 =\d0 \phi(n > 0 ? dst_2[n - 1, d0] : dst[d0]) # LoopExit
------------------------ dst_2 : \i. \n. \d0
                             - (i-d0)
                                    - dst[d0]
                                    - 0.0
                                    - ((i-1)-d0)
                                               - dst[d0]
                                               - 0.0
                                               - 0.0
                         dst_1 : \i. \n. \d0
                             - i
                               - ⊥
                               - dst[d0]
                               - ((i-1)-d0)
                                          - dst[d0]
                                          - 0.0
                                          - 0.0
                         dst_3 : \n. \d0
                             - n
                               - dst[d0]
                               - dst[d0]
                               - dst[d0]def foo2(n : size, dst : f32[n], src : f32[n]):
  for i in seq(0, n):
    dst_1 =\i \d0 \phi(i == 0 ? dst[d0] : dst_2[i - 1, d0]) # LoopStart
    src_1 =\i \d0_1 \phi(i == 0 ? src[d0_1] : src_1[i - 1, d0_1]) # LoopStart
    dst_2 =\i \d0 \phi(i == d0 ? src_1[i, i] : dst_1[i, d0])
------------------------ dst_2 : \i. \n. \d0
                             - (i-d0)
                                    - dst[d0]
                                    - i
                                      - src_1[((i-1)-1),d0_1]
                                      - src[d0_1]
                                      - (i-1)
                                            - src_1[((i-1)-1),d0_1]
                                            - src[d0_1]
                                            - src_1[((i-1)-1),d0_1]
                                    - ((i-1)-d0)
                                               - dst[d0]
                                               - (i-1)
                                                     - src_1[(((i-1)-1)-1),d0_1]
                                                     - src[d0_1]
                                                     - ((i-1)-1)
                                                               - src_1[(((i-1)-1)-1),d0_1]
                                                               - src[d0_1]
                                                               - src_1[(((i-1)-1)-1),d0_1]
                                               - -1*d0
                                                     - (((i-1)-1)-d0)
                                                                    - src_1[(((i-1)-1)-1),d0_1]
                                                                    - src_1[(((i-1)-1)-1),d0_1]
                                                                    - src_1[(((i-1)-1)-1),d0_1]
                                                     - (((i-1)-1)-d0)
                                                                    - src[d0_1]
                                                                    - src[d0_1]
                                                                    - src[d0_1]
                                                     - ⊥
                         src_1 : \i. \n. \d0_1
                             - i
                               - src_1[((i-1)-1),d0_1]
                               - src[d0_1]
                               - (i-1)
                                     - src_1[((i-1)-1),d0_1]
                                     - src[d0_1]
                                     - src_1[((i-1)-1),d0_1]
                         dst_1 : \i. \n. \d0
                             - i
                               - ⊥
                               - dst[d0]
                               - ((i-1)-d0)
                                          - dst[d0]
                                          - (i-1)
                                                - src_1[(((i-1)-1)-1),d0_1]
                                                - src[d0_1]
                                                - ((i-1)-1)
                                                          - src_1[(((i-1)-1)-1),d0_1]
                                                          - src[d0_1]
                                                          - src_1[(((i-1)-1)-1),d0_1]
                                          - -1*d0
                                                - (((i-1)-1)-d0)
                                                               - src_1[(((i-1)-1)-1),d0_1]
                                                               - src_1[(((i-1)-1)-1),d0_1]
                                                               - src_1[(((i-1)-1)-1),d0_1]
                                                - (((i-1)-1)-d0)
                                                               - src[d0_1]
                                                               - src[d0_1]
                                                               - src[d0_1]
                                                - ⊥
  dst_3 =\d0 \phi(n > 0 ? dst_2[n - 1, d0] : dst[d0]) # LoopExit
  src_2 =\d0_1 \phi(n > 0 ? src_1[n - 1, d0_1] : src[d0_1]) # LoopExit
------------------------ dst_2 : \i. \n. \d0
                             - (i-d0)
                                    - dst[d0]
                                    - i
                                      - src_1[((i-1)-1),d0_1]
                                      - src[d0_1]
                                      - (i-1)
                                            - src_1[((i-1)-1),d0_1]
                                            - src[d0_1]
                                            - src_1[((i-1)-1),d0_1]
                                    - ((i-1)-d0)
                                               - dst[d0]
                                               - (i-1)
                                                     - src_1[(((i-1)-1)-1),d0_1]
                                                     - src[d0_1]
                                                     - ((i-1)-1)
                                                               - src_1[(((i-1)-1)-1),d0_1]
                                                               - src[d0_1]
                                                               - src_1[(((i-1)-1)-1),d0_1]
                                               - -1*d0
                                                     - (((i-1)-1)-d0)
                                                                    - src_1[(((i-1)-1)-1),d0_1]
                                                                    - src_1[(((i-1)-1)-1),d0_1]
                                                                    - src_1[(((i-1)-1)-1),d0_1]
                                                     - (((i-1)-1)-d0)
                                                                    - src[d0_1]
                                                                    - src[d0_1]
                                                                    - src[d0_1]
                                                     - ⊥
                         src_1 : \i. \n. \d0_1
                             - i
                               - src_1[((i-1)-1),d0_1]
                               - src[d0_1]
                               - (i-1)
                                     - src_1[((i-1)-1),d0_1]
                                     - src[d0_1]
                                     - src_1[((i-1)-1),d0_1]
                         dst_1 : \i. \n. \d0
                             - i
                               - ⊥
                               - dst[d0]
                               - ((i-1)-d0)
                                          - dst[d0]
                                          - (i-1)
                                                - src_1[(((i-1)-1)-1),d0_1]
                                                - src[d0_1]
                                                - ((i-1)-1)
                                                          - src_1[(((i-1)-1)-1),d0_1]
                                                          - src[d0_1]
                                                          - src_1[(((i-1)-1)-1),d0_1]
                                          - -1*d0
                                                - (((i-1)-1)-d0)
                                                               - src_1[(((i-1)-1)-1),d0_1]
                                                               - src_1[(((i-1)-1)-1),d0_1]
                                                               - src_1[(((i-1)-1)-1),d0_1]
                                                - (((i-1)-1)-d0)
                                                               - src[d0_1]
                                                               - src[d0_1]
                                                               - src[d0_1]
                                                - ⊥
                         dst_3 : \n. \d0
                             - n
                               - dst[d0]
                               - dst[d0]
                               - dst[d0]
                         src_2 : \n. \d0_1
                             - n
                               - src[d0_1]
                               - src[d0_1]
                               - (d0_1-1)
                                        - src_1[(((d0_1-1)-1)-1),d0_1]
                                        - src[d0_1]
                                        - ((d0_1-1)-1)
                                                     - src_1[(((d0_1-1)-1)-1),d0_1]
                                                     - src[d0_1]
                                                     - src_1[(((d0_1-1)-1)-1),d0_1]