def baz(n: size, m: size):
    for i in seq(0, n):
        for j in seq(0, m):  # <-- NODE
            x: f32 @ DRAM
            pass
            pass
            for k in seq(0, n):
                pass
                pass

def baz(n: size, m: size):
    for i in seq(0, n):
        for j in seq(0, m):
            x: f32 @ DRAM
            pass
            pass
            for k in seq(0, n):
                # BLOCK START
                pass
                pass
                # BLOCK END

def baz(n: size, m: size):
    for i in seq(0, n):
        for j in seq(0, m):
            # BLOCK START
            x: f32 @ DRAM
            # BLOCK END
            pass
            pass
            for k in seq(0, n):
                pass
                pass

def baz(n: size, m: size):
    for i in seq(0, n):
        for j in seq(0, m):
            x: f32 @ DRAM
            pass
            pass
            # BLOCK START
            for k in seq(0, n):
                pass
                pass
            # BLOCK END

def baz(n: size, m: size):
    for i in seq(0, n):
        for j in seq(0, m):
            # BLOCK START
            x: f32 @ DRAM
            pass
            pass
            for k in seq(0, n):
                pass
                pass
            # BLOCK END

def baz(n: size, m: size):
    for i in seq(0, n):
        for j in seq(0, m):
            x: f32 @ DRAM
            # BLOCK START
            pass
            pass
            # BLOCK END
            for k in seq(0, n):
                pass
                pass