def bar(n: size, m: size):
    x: f32 @ DRAM
    for i in seq(0, n):
        x = 0.0
        x = 1.0
        x = 2.0
        for j in seq(0, m):
            x = 3.0
            x = 4.0
            x = 5.0