def foo(a: f32 @ DRAM):
    a = sin(a)  # <-- NODE