#include "test.h"

#include <stdio.h>
#include <stdlib.h>

// foo(

// )
void foo( void *exo_restrict ctxt ) {
_Float16 a;
a = a + ((_Float16) 3);
}

