#include "test.h"

#include <stdio.h>
#include <stdlib.h>

// foo(

// )
void foo( void *exo_restrict ctxt ) {
int32_t a;
a = a + ((int32_t) 3);
}

