def foo(n: size):
    for i in seq(0, n):
        pass