def scal(n: size, x: f32[n] @ DRAM, alpha: f32 @ DRAM):
    for i in seq(0, n):
        reg_1: f32
        reg_1 = alpha
        reg_2: f32
        reg_2 = x[i]
        reg_3: f32
        reg_3 = reg_1 * reg_2
        x[i] = reg_3