def bar(N: size):
    assert N >= 1
    assert N < 10
    for i in seq(0, 1):
        pass