def foo(N: size):
    x: i8[2] @ DRAM
    for i in seq(0, N / 2):
        x[0] = 1.0
        x[1] = 2.0